// Jest Snapshot v1, https://goo.gl/fbAQLP

exports[`Assignment statement test 1`] = `
<g>
  <g
    class="statement"
  >
    <rect
      class="inner-drop-zone"
      fill="none"
      height="25"
      width="120"
      x="120"
      y="220"
    />
    <rect
      class="statement-rect"
      height="30"
      width="120"
      x="120"
      y="245"
    />
    <g
      class="statement-body"
    >
      <text
        class="statement-text"
        x="180"
        y="260"
      >
        c = b
      </text>
    </g>
    <g
      class="hide-action"
    >
      <rect
        class="property-pane-action-button-wrapper"
        height="21"
        rx="0"
        ry="0"
        width="66"
        x="147"
        y="277"
      />
      <image
        class="property-pane-action-button-delete"
        height="14"
        width="14"
        x="153"
        xlink:href="data:image/svg+xml;base64,PD94bWwgdmVyc2lvbj0iMS4wIiBlbmNvZGluZz0idXRmLTgiPz4KCjwhLS0KIH4gICBDb3B5cmlnaHQgKGMpIFdTTzIgSW5jLiAoaHR0cDovL3dzbzIuY29tKSBBbGwgUmlnaHRzIFJlc2VydmVkLgogfgogfiAgIExpY2Vuc2VkIHVuZGVyIHRoZSBBcGFjaGUgTGljZW5zZSwgVmVyc2lvbiAyLjAgKHRoZSAiTGljZW5zZSIpOwogfiAgIHlvdSBtYXkgbm90IHVzZSB0aGlzIGZpbGUgZXhjZXB0IGluIGNvbXBsaWFuY2Ugd2l0aCB0aGUgTGljZW5zZS4KIH4gICBZb3UgbWF5IG9idGFpbiBhIGNvcHkgb2YgdGhlIExpY2Vuc2UgYXQKIH4KIH4gICAgICAgIGh0dHA6Ly93d3cuYXBhY2hlLm9yZy9saWNlbnNlcy9MSUNFTlNFLTIuMAogfgogfiAgIFVubGVzcyByZXF1aXJlZCBieSBhcHBsaWNhYmxlIGxhdyBvciBhZ3JlZWQgdG8gaW4gd3JpdGluZywgc29mdHdhcmUKIH4gICBkaXN0cmlidXRlZCB1bmRlciB0aGUgTGljZW5zZSBpcyBkaXN0cmlidXRlZCBvbiBhbiAiQVMgSVMiIEJBU0lTLAogfiAgIFdJVEhPVVQgV0FSUkFOVElFUyBPUiBDT05ESVRJT05TIE9GIEFOWSBLSU5ELCBlaXRoZXIgZXhwcmVzcyBvciBpbXBsaWVkLgogfiAgIFNlZSB0aGUgTGljZW5zZSBmb3IgdGhlIHNwZWNpZmljIGxhbmd1YWdlIGdvdmVybmluZyBwZXJtaXNzaW9ucyBhbmQKIH4gICBsaW1pdGF0aW9ucyB1bmRlciB0aGUgTGljZW5zZS4KLS0+Cgo8c3ZnIHZlcnNpb249IjEuMSIgaWQ9ImRlbGV0ZSIgeG1sbnM9Imh0dHA6Ly93d3cudzMub3JnLzIwMDAvc3ZnIiB4bWxuczp4bGluaz0iaHR0cDovL3d3dy53My5vcmcvMTk5OS94bGluayIgeD0iMHB4IiB5PSIwcHgiCgkgdmlld0JveD0iMCAwIDE0IDE0IiBzdHlsZT0iZW5hYmxlLWJhY2tncm91bmQ6bmV3IDAgMCAxNCAxNDsiIHhtbDpzcGFjZT0icHJlc2VydmUiPgo8c3R5bGUgdHlwZT0idGV4dC9jc3MiPgoJLmNvbG9ye2ZpbGw6IzMzMzt9Cjwvc3R5bGU+CjxwYXRoIGNsYXNzPSJjb2xvciIgZD0iTTguMyw2LjF2Ni43aDEuNlY2LjFIOC4zeiBNNC4xLDYuMXY2LjdoMS42VjYuMUg0LjF6IE0xLjcsNC45aDEwLjVWMTRIMS43VjQuOXogTTQuNCwwaDUuM3YxLjdoMy41djEuOEgwLjkKCVYxLjdoMy41VjBMNC40LDB6Ii8+Cjwvc3ZnPgo="
        y="280.5"
      >
        <title>
          Delete
        </title>
         
      </image>
      <image
        class="property-pane-action-button-breakpoint"
        height="14"
        width="14"
        x="173"
        xlink:href="data:image/svg+xml;base64,PD94bWwgdmVyc2lvbj0iMS4wIiBlbmNvZGluZz0iVVRGLTgiIHN0YW5kYWxvbmU9Im5vIj8+CjwhLS0gQ3JlYXRlZCB3aXRoIElua3NjYXBlIChodHRwOi8vd3d3Lmlua3NjYXBlLm9yZy8pIC0tPgoKPHN2ZwogICB4bWxuczpkYz0iaHR0cDovL3B1cmwub3JnL2RjL2VsZW1lbnRzLzEuMS8iCiAgIHhtbG5zOmNjPSJodHRwOi8vY3JlYXRpdmVjb21tb25zLm9yZy9ucyMiCiAgIHhtbG5zOnJkZj0iaHR0cDovL3d3dy53My5vcmcvMTk5OS8wMi8yMi1yZGYtc3ludGF4LW5zIyIKICAgeG1sbnM6c3ZnPSJodHRwOi8vd3d3LnczLm9yZy8yMDAwL3N2ZyIKICAgeG1sbnM9Imh0dHA6Ly93d3cudzMub3JnLzIwMDAvc3ZnIgogICB4bWxuczpzb2RpcG9kaT0iaHR0cDovL3NvZGlwb2RpLnNvdXJjZWZvcmdlLm5ldC9EVEQvc29kaXBvZGktMC5kdGQiCiAgIHhtbG5zOmlua3NjYXBlPSJodHRwOi8vd3d3Lmlua3NjYXBlLm9yZy9uYW1lc3BhY2VzL2lua3NjYXBlIgogICB3aWR0aD0iMTQ1bW0iCiAgIGhlaWdodD0iMTQzbW0iCiAgIHZpZXdCb3g9IjAgMCA1MTMuNzc5MzQgNTA2LjY5MjYyIgogICBpZD0ic3ZnMiIKICAgdmVyc2lvbj0iMS4xIgogICBpbmtzY2FwZTp2ZXJzaW9uPSIwLjkxIHIxMzcyNSIKICAgc29kaXBvZGk6ZG9jbmFtZT0iZGVidWctcG9pbnQuc3ZnIj4KICA8ZGVmcwogICAgIGlkPSJkZWZzNCIgLz4KICA8c29kaXBvZGk6bmFtZWR2aWV3CiAgICAgaWQ9ImJhc2UiCiAgICAgcGFnZWNvbG9yPSIjZmZmZmZmIgogICAgIGJvcmRlcmNvbG9yPSIjNjY2NjY2IgogICAgIGJvcmRlcm9wYWNpdHk9IjEuMCIKICAgICBpbmtzY2FwZTpwYWdlb3BhY2l0eT0iMC4wIgogICAgIGlua3NjYXBlOnBhZ2VzaGFkb3c9IjIiCiAgICAgaW5rc2NhcGU6em9vbT0iMC41IgogICAgIGlua3NjYXBlOmN4PSItMTA0LjgxMTAyIgogICAgIGlua3NjYXBlOmN5PSI1MjAiCiAgICAgaW5rc2NhcGU6ZG9jdW1lbnQtdW5pdHM9InB4IgogICAgIGlua3NjYXBlOmN1cnJlbnQtbGF5ZXI9ImxheWVyMSIKICAgICBzaG93Z3JpZD0iZmFsc2UiCiAgICAgaW5rc2NhcGU6d2luZG93LXdpZHRoPSIxOTIwIgogICAgIGlua3NjYXBlOndpbmRvdy1oZWlnaHQ9IjEwNTYiCiAgICAgaW5rc2NhcGU6d2luZG93LXg9IjAiCiAgICAgaW5rc2NhcGU6d2luZG93LXk9IjI0IgogICAgIGlua3NjYXBlOndpbmRvdy1tYXhpbWl6ZWQ9IjEiIC8+CiAgPG1ldGFkYXRhCiAgICAgaWQ9Im1ldGFkYXRhNyI+CiAgICA8cmRmOlJERj4KICAgICAgPGNjOldvcmsKICAgICAgICAgcmRmOmFib3V0PSIiPgogICAgICAgIDxkYzpmb3JtYXQ+aW1hZ2Uvc3ZnK3htbDwvZGM6Zm9ybWF0PgogICAgICAgIDxkYzp0eXBlCiAgICAgICAgICAgcmRmOnJlc291cmNlPSJodHRwOi8vcHVybC5vcmcvZGMvZGNtaXR5cGUvU3RpbGxJbWFnZSIgLz4KICAgICAgICA8ZGM6dGl0bGUgLz4KICAgICAgPC9jYzpXb3JrPgogICAgPC9yZGY6UkRGPgogIDwvbWV0YWRhdGE+CiAgPGcKICAgICBpbmtzY2FwZTpsYWJlbD0iTGF5ZXIgMSIKICAgICBpbmtzY2FwZTpncm91cG1vZGU9ImxheWVyIgogICAgIGlkPSJsYXllcjEiCiAgICAgdHJhbnNmb3JtPSJ0cmFuc2xhdGUoMCwtNTQ1LjY2OTY2KSI+CiAgICA8ZWxsaXBzZQogICAgICAgc3R5bGU9Im9wYWNpdHk6MTtmaWxsOiNmZjU1NTU7ZmlsbC1vcGFjaXR5OjE7ZmlsbC1ydWxlOm5vbnplcm87c3Ryb2tlOm5vbmU7c3Ryb2tlLXdpZHRoOjkuMTYzOTk5NTY7c3Ryb2tlLWxpbmVjYXA6YnV0dDtzdHJva2UtbGluZWpvaW46bWl0ZXI7c3Ryb2tlLW1pdGVybGltaXQ6NDtzdHJva2UtZGFzaGFycmF5Om5vbmU7c3Ryb2tlLW9wYWNpdHk6MSIKICAgICAgIGlkPSJwYXRoNDEzNiIKICAgICAgIGN4PSItMjU3LjcxNDI5IgogICAgICAgY3k9IjgwMC42NDc4OSIKICAgICAgIHJ4PSIyNTAiCiAgICAgICByeT0iMjQ1LjcxNDI4IgogICAgICAgdHJhbnNmb3JtPSJzY2FsZSgtMSwxKSIgLz4KICA8L2c+Cjwvc3ZnPgo="
        y="280.5"
      >
        <title>
          Break point
        </title>
         
      </image>
      <image
        class="property-pane-action-button-jump"
        height="14"
        width="14"
        x="193"
        xlink:href="data:image/svg+xml;base64,PD94bWwgdmVyc2lvbj0iMS4wIiBlbmNvZGluZz0idXRmLTgiPz4KCjwhLS0KIH4gICBDb3B5cmlnaHQgKGMpIFdTTzIgSW5jLiAoaHR0cDovL3dzbzIuY29tKSBBbGwgUmlnaHRzIFJlc2VydmVkLgogfgogfiAgIExpY2Vuc2VkIHVuZGVyIHRoZSBBcGFjaGUgTGljZW5zZSwgVmVyc2lvbiAyLjAgKHRoZSAiTGljZW5zZSIpOwogfiAgIHlvdSBtYXkgbm90IHVzZSB0aGlzIGZpbGUgZXhjZXB0IGluIGNvbXBsaWFuY2Ugd2l0aCB0aGUgTGljZW5zZS4KIH4gICBZb3UgbWF5IG9idGFpbiBhIGNvcHkgb2YgdGhlIExpY2Vuc2UgYXQKIH4KIH4gICAgICAgIGh0dHA6Ly93d3cuYXBhY2hlLm9yZy9saWNlbnNlcy9MSUNFTlNFLTIuMAogfgogfiAgIFVubGVzcyByZXF1aXJlZCBieSBhcHBsaWNhYmxlIGxhdyBvciBhZ3JlZWQgdG8gaW4gd3JpdGluZywgc29mdHdhcmUKIH4gICBkaXN0cmlidXRlZCB1bmRlciB0aGUgTGljZW5zZSBpcyBkaXN0cmlidXRlZCBvbiBhbiAiQVMgSVMiIEJBU0lTLAogfiAgIFdJVEhPVVQgV0FSUkFOVElFUyBPUiBDT05ESVRJT05TIE9GIEFOWSBLSU5ELCBlaXRoZXIgZXhwcmVzcyBvciBpbXBsaWVkLgogfiAgIFNlZSB0aGUgTGljZW5zZSBmb3IgdGhlIHNwZWNpZmljIGxhbmd1YWdlIGdvdmVybmluZyBwZXJtaXNzaW9ucyBhbmQKIH4gICBsaW1pdGF0aW9ucyB1bmRlciB0aGUgTGljZW5zZS4KLS0+Cgo8c3ZnIHZlcnNpb249IjEuMSIgaWQ9ImNvZGUtdmlldyIgeG1sbnM9Imh0dHA6Ly93d3cudzMub3JnLzIwMDAvc3ZnIiB4bWxuczp4bGluaz0iaHR0cDovL3d3dy53My5vcmcvMTk5OS94bGluayIgeD0iMHB4IiB5PSIwcHgiCgkgdmlld0JveD0iMCAwIDE0IDE0IiBzdHlsZT0iZW5hYmxlLWJhY2tncm91bmQ6bmV3IDAgMCAxNCAxNDsiIHhtbDpzcGFjZT0icHJlc2VydmUiPgo8cGF0aCBkPSJNMC45MzY4MjUsMy4xNDMwMDg1YzAsMC40MDgxMzE2LDAuMDU0ODQ1OCwwLjc4OTA4NzMsMC4xMTgwOTEzLDEuMjMyNzk0NQoJYzAuMDU4MzA0NCwwLjQwNTY2MTEsMC4xMTMxNTAyLDAuNzg5MDg3MywwLjExMzE1MDIsMS4xNzQ5ODRjMCwwLjQxMjA4NDYtMC4wNzA2NTcxLDAuODE0Mjg2Ny0wLjkxNTA4NDQsMC44MTQyODY3SDB2MS4yNDE2ODg3CgloMC4yNTI5ODIzYzAuODA2MzgxMSwwLDAuOTE1MDg0NSwwLjQxMTU5MDEsMC45MTUwODQ1LDAuODE0Mjg2N2MwLDAuMzY5NTkwOC0wLjA1NDg0NTgsMC43MzcyMDU1LTAuMTEyNjU2MSwxLjEyOTUyNjEKCUMxLjAwMjU0MTEsOS45MDYzMzIsMC45MzY4MjUsMTAuMzQ4MDYyNSwwLjkzNjgyNSwxMC43NzEwMTcxYzAsMS40MzY4NjAxLDAuODMyNTY4NiwyLjIyODQxODQsMi4zNDQwMzksMi4yMjg0MTg0aDAuNTU2MzYzMwoJdi0xLjI5OTQ5ODZoLTAuNTEyODgyYy0wLjYyOTQ5MTEsMC0wLjg4NjQyNjItMC4yODk1NDctMC44ODY0MjYyLTEuMDAxMDU5NWMwLTAuMzIwMTc5OSwwLjAzOTAzNDQtMC42MzA0Nzg5LDAuMDk3ODMyOS0wLjk5NjExNzYKCWMwLjA3MjYzMzctMC40MzQ4MTM1LDAuMTA0NzUwNi0wLjc4NTYyODMsMC4xMDQ3NTA2LTEuMTM0NDY3MWMwLjAxMTM2NDItMC43MzM3NDc1LTAuMjMyNzI0LTEuMjgxMjE3MS0wLjY5ODE3Mi0xLjU5MjAwOTUKCWMwLjM4OTM1NTUtMC4yNTg0MTc2LDAuNzExNTEyNy0wLjcyNjgzLDAuNjk4MTcyLTEuNTY5Nzc1MWMwLTAuNDI1OTE5MS0wLjA1MDM5ODgtMC43OTc0ODY4LTAuMTA0NzUwNi0xLjEzNjkzNzYKCWMtMC4wNjY3MDQzLTAuNDAwMjI2MS0wLjA5NzgzMjktMC43MTI1MDEtMC4wOTc4MzI5LTAuOTgyNzc3MWMwLTAuNzE5NDE4MywwLjI0MDEzNTQtMC45ODcyMjM5LDAuODg2NDI2Mi0wLjk4NzIyMzloMC41MTI4ODIKCVYxLjAwMDU2NDdIMy4yODA4NjRDMS43OTExMzQ0LDEuMDAwNTY0NywwLjkzNjgyNSwxLjc4MTI1MjMsMC45MzY4MjUsMy4xNDMwMDg1eiBNMTMuNzQ3MDE3OSw2LjM2NTA3MzcKCWMtMC44NDM5MzMxLDAtMC45MTUwODQ4LTAuNDAyMjAyMS0wLjkxNTA4NDgtMC44MTQyODY3YzAtMC4zNzg5NzkyLDAuMDUzMzYzOC0wLjc1NTk4MTksMC4xMTA2Nzk2LTEuMTU1MjJsMC4wMTA4NzA5LTAuMDc4MDY4NwoJYzAuMDU2MzI3OC0wLjM5NzI2MTEsMC4xMDk2OTE2LTAuNzcyMjg3NiwwLjEwOTY5MTYtMS4xNzQ0ODk3YzAtMS4zNjE3NTYyLTAuODU5NzQ1LTIuMTQyNDQzNy0yLjM1ODg2MTktMi4xNDI0NDM3aC0wLjU0MTU0MTEKCXYxLjI5OTAwNDhoMC41MDg5MjkzYzAuNjQwMzYxOCwwLjAxMDg3MDUsMC44ODkzOTA5LDAuMjg3NTY5OCwwLjg4OTM5MDksMC45ODcyMjM5CgljMCwwLjI0NTA3NjctMC4wMzM1OTg5LDAuNTAxMDIzNS0wLjA2OTE3NDgsMC43NzE3OTM2bC0wLjAzMDYzMzksMC4yMzM3MTE3CgljLTAuMDU3MzE2OCwwLjM1MDMyMTMtMC4xMTU2MjE2LDAuNzEyNTAxLTAuMTE1NjIxNiwxLjExNDIwOTJjMCwwLjg0MzQzOTEsMC4zMjIxNTc5LDEuMzExMzU3NSwwLjcwNjU3MTYsMS41Njk3NzUxCgljLTAuNDU5NTE4NCwwLjMxMDI5ODQtMC43MDY1NzE2LDAuODU2Nzc5Ni0wLjcwNjU3MTYsMS41ODgwNTY2YzAsMC4zOTcyNjE2LDAuMDU2MzI4OCwwLjc2NTg2NDQsMC4xMTc1OTc2LDEuMTI2NTYyMQoJbDAuMDMyNjEwOSwwLjI1NzkyMzFjMC4wMzM1OTg5LDAuMjU4OTExMSwwLjA2NTIyMTgsMC41MDM5ODgzLDAuMDY1MjIxOCwwLjc1MDA1MjUKCWMwLDAuNjk5NjU0Ni0wLjI2MTg3NjEsMC45OTAxODg2LTAuODk5MjcyOSwxLjAwMTA1OTVoLTAuNDk5MDQ3M3YxLjI5OTQ5ODZoMC41NTYzNjQxCgljMS41MTE5NjM4LDAsMi4zNDQwMzktMC43OTE1NTgzLDIuMzQ0MDM5LTIuMjI4NDE4NGMwLTAuNDE2MDM3Ni0wLjA2MzI0NTgtMC44NDI5NDUxLTAuMTIxNTUwNi0xLjI0MjE4MjcKCWMtMC4wNTYzMjc4LTAuMzgyNDM3Ny0wLjEwOTY5MTYtMC43NDQxMjM1LTAuMTA5NjkxNi0xLjEwNzc4NTJjMC0wLjQwMjY5NjYsMC4xMDg3MDM2LTAuODE0Mjg2NywwLjkxNTA4NDgtMC44MTQyODY3SDE0VjYuMzY1MDczNwoJSDEzLjc0NzAxNzl6IE0zLjgzNzIyNzMsNS4wNTAzMzAyaDYuMzI1NTQ0OFY1LjQ2Njg5OEgzLjgzNzIyNzNWNS4wNTAzMzAyeiBNMy44MzcyMjczLDMuMzc5NjYwOGg2LjMyNTU0NDh2MC40MTY1Njc4SDMuODM3MjI3MwoJVjMuMzc5NjYwOHogTTMuODM3MjI3Myw2LjcyMDk5OTJoNi4zMjU1NDQ4VjcuMTM3NTY3SDMuODM3MjI3M1Y2LjcyMDk5OTJ6IE0zLjgzNzIyNzMsMTAuMDYyMzM3OWg2LjMyNTU0NDh2MC40MTY1Njc4SDMuODM3MjI3MwoJVjEwLjA2MjMzNzl6IE0zLjgzNzIyNzMsOC4zOTE2NjgzaDYuMzI1NTQ0OHYwLjQxNjU2NzhIMy44MzcyMjczVjguMzkxNjY4M3oiLz4KPC9zdmc+Cg=="
        y="280.5"
      >
        <title>
          Jump to Source
        </title>
         
      </image>
    </g>
  </g>
</g>
`;
